// Jest Snapshot v1, https://goo.gl/fbAQLP

exports[`first snapshot test 1`] = `
<div
  id="parent"
>
  <div
    className="container"
  >
    <nav
      className="navbar navbar-expand-lg navbar-light bg-light"
    >
      <a
        className="navbar-brand"
        href="https://codingthesmartway.com"
        target="_blank"
      >
        <img
          alt="CodingTheSmartWay.com"
          height="30"
          src="logo.png"
          width="30"
        />
      </a>
      <a
        className="navbar-brand"
        href="/"
        onClick={[Function]}
      >
        Ticket System
      </a>
      <div
        className="collpase nav-collapse"
      >
        <ul
          className="navbar-nav mr-auto"
        >
          <li
            className="navbar-item"
          >
            <a
              className="nav-link"
              href="/"
              onClick={[Function]}
            >
              Sign In
            </a>
          </li>
          <li
            className="navbar-item"
          >
            <a
              className="nav-link"
              href="/signup"
              onClick={[Function]}
            >
              Sign Up
            </a>
          </li>
          <li
            className="navbar-item"
          >
            <a
              className="nav-link"
              href="/create"
              onClick={[Function]}
            >
              Create Ticket
            </a>
          </li>
          <li
            className="navbar-item"
          >
            <a
              className="nav-link"
              href="/track"
              onClick={[Function]}
            >
              Track Ticket
            </a>
          </li>
          <li
            className="navbar-item"
          >
            <a
              className="nav-link"
              href="/homepageUser"
              onClick={[Function]}
            >
              Home
            </a>
          </li>
        </ul>
      </div>
    </nav>
    <div
      className="FormCenter"
    >
      <h2>
         Sign In
      </h2>
      <form
        className="FormFields"
        onSubmit={[Function]}
      >
        <div
          className="FormField"
        >
          <label
            className="FormField__Label"
            htmlFor="email"
          >
            E-Mail Address
          </label>
          <input
            className="FormField__Input"
            id="email"
            name="email"
            onChange={[Function]}
            placeholder="Enter your email"
            type="email"
            value=""
          />
        </div>
        <div
          className="FormField"
        >
          <label
            className="FormField__Label"
            htmlFor="password"
          >
            Password
          </label>
          <input
            className="FormField__Input"
            id="password"
            name="password"
            onChange={[Function]}
            placeholder="Enter your password"
            type="password"
            value=""
          />
        </div>
        <div
          className="FormField"
        >
          <button
            className="FormField__Button mr-20"
          >
            Sign In
          </button>
           
        </div>
      </form>
      <div
        data-onloadcallbackname="onloadCallback"
        data-verifycallbackname="verifyCallback"
        id="g-recaptcha"
      />
    </div>
  </div>
</div>
`;
